../Core/Src/main.c:85:5:main	200	static
../Core/Src/main.c:164:6:SystemClock_Config	88	static
../Core/Src/main.c:211:13:MX_ADC1_Init	24	static
../Core/Src/main.c:265:13:MX_TIM2_Init	64	static
../Core/Src/main.c:324:13:MX_TIM3_Init	64	static
../Core/Src/main.c:383:13:MX_TIM4_Init	64	static
../Core/Src/main.c:442:13:MX_TIM5_Init	80	static
../Core/Src/main.c:508:13:MX_USART1_UART_Init	8	static
../Core/Src/main.c:539:13:MX_DMA_Init	16	static
../Core/Src/main.c:560:13:MX_GPIO_Init	24	static
../Core/Src/main.c:576:6:HAL_UART_TxHalfCpltCallback	16	static
../Core/Src/main.c:581:6:HAL_UART_TxCpltCallback	16	static
../Core/Src/main.c:587:6:HAL_ADC_ConvHalfCpltCallback	16	static
../Core/Src/main.c:593:7:HAL_ADC_ConvCpltCallback	16	static
../Core/Src/main.c:609:6:Error_Handler	4	static,ignoring_inline_asm
